[1/12] Automatic MOC and UIC for target aramf_update_campaign_runner
[2/11] Automatic MOC and UIC for target aramf_configuration_update_tests
[3/10] Automatic MOC and UIC for target aramf_template_tests
[4/9] Building CXX object CMakeFiles/aramf_configuration_update_tests.dir/src/core/WorkerTaskServices.cpp.obj
[5/9] Building CXX object CMakeFiles/aramf_template_tests.dir/src/core/WorkerTaskServices.cpp.obj
[6/9] Building CXX object CMakeFiles/aramf_update_campaign_runner.dir/src/core/WorkerTaskServices.cpp.obj
[7/9] Linking CXX executable aramf_configuration_update_tests.exe
[8/9] Linking CXX executable aramf_template_tests.exe; Deploying Qt runtime files for aramf_template_tests; Deploying libgcc_s_seh-1.dll for aramf_template_tests; Deploying libstdc++-6.dll for aramf_template_tests; Deploying libwinpthread-1.dll for aramf_template_tests; Deploying libatomic-1.dll for aramf_template_tests
Warning: Translations will not be available due to the following error.
Cannot open C:/msys64/ucrt64/share/qt6/translations/catalogs.json
Adding local dependencyD:/ON DESCTOP/HKR KURSER/C++/ARAMF2/ARAMF/build/libgcc_s_seh-1.dll
Adding local dependencyD:/ON DESCTOP/HKR KURSER/C++/ARAMF2/ARAMF/build/libstdc++-6.dll
Adding local dependencyD:/ON DESCTOP/HKR KURSER/C++/ARAMF2/ARAMF/build/libwinpthread-1.dll
D:\ON DESCTOP\HKR KURSER\C++\ARAMF2\ARAMF\build\aramf_template_tests.exe 64 bit, release executable
Adding in plugin type generic for module: Qt6Gui
Adding Qt6Network for qtuiotouchplugin.dll from plugin type: generic
Adding in plugin type imageformats for module: Qt6Gui
Adding in plugin type networkinformation for module: Qt6Network
Adding in plugin type platforms for module: Qt6Gui
Adding in plugin type styles for module: Qt6Widgets
Adding in plugin type tls for module: Qt6Network
Skipping plugin qopensslbackend.dll. Use -force-openssl or specify -openssl-root if you want to use it.
Performing additional pass of finding Qt plugins due to updated Qt module list: Qt6Core Qt6Gui Qt6Network Qt6Widgets
Adding in plugin type generic for module: Qt6Gui
Adding in plugin type imageformats for module: Qt6Gui
Adding in plugin type networkinformation for module: Qt6Network
Adding in plugin type platforms for module: Qt6Gui
Adding in plugin type styles for module: Qt6Widgets
Adding in plugin type tls for module: Qt6Network
Skipping plugin qopensslbackend.dll. Use -force-openssl or specify -openssl-root if you want to use it.
Direct dependencies: Qt6Core Qt6Gui Qt6Widgets
All dependencies   : Qt6Core Qt6Gui Qt6Widgets
To be deployed     : Qt6Core Qt6Gui Qt6Network Qt6Widgets
Warning: Cannot find any version of the dxcompiler.dll and dxil.dll. This is not a problem unless Direct3D 12 and certain features are used by the application.
Qt6Core.dll is up to date.
Qt6Gui.dll is up to date.
Qt6Network.dll is up to date.
Qt6Widgets.dll is up to date.
Skipping system library C:/WINDOWS/system32/D3Dcompiler_47.dll
qtuiotouchplugin.dll is up to date.
qgif.dll is up to date.
qico.dll is up to date.
qjpeg.dll is up to date.
qglib.dll is up to date.
qnetworklistmanager.dll is up to date.
qwindows.dll is up to date.
qmodernwindowsstyle.dll is up to date.
qcertonlybackend.dll is up to date.
qschannelbackend.dll is up to date.
[9/9] Linking CXX executable aramf_update_campaign_runner.exe; Deploying Qt runtime files for aramf_update_campaign_runner; Deploying libgcc_s_seh-1.dll for aramf_update_campaign_runner; Deploying libstdc++-6.dll for aramf_update_campaign_runner; Deploying libwinpthread-1.dll for aramf_update_campaign_runner; Deploying libatomic-1.dll for aramf_update_campaign_runner
Warning: Translations will not be available due to the following error.
Cannot open C:/msys64/ucrt64/share/qt6/translations/catalogs.json
Adding local dependencyD:/ON DESCTOP/HKR KURSER/C++/ARAMF2/ARAMF/build/libgcc_s_seh-1.dll
Adding local dependencyD:/ON DESCTOP/HKR KURSER/C++/ARAMF2/ARAMF/build/libstdc++-6.dll
Adding local dependencyD:/ON DESCTOP/HKR KURSER/C++/ARAMF2/ARAMF/build/libwinpthread-1.dll
D:\ON DESCTOP\HKR KURSER\C++\ARAMF2\ARAMF\build\aramf_update_campaign_runner.exe 64 bit, release executable
Adding in plugin type generic for module: Qt6Gui
Adding Qt6Network for qtuiotouchplugin.dll from plugin type: generic
Adding in plugin type imageformats for module: Qt6Gui
Adding in plugin type networkinformation for module: Qt6Network
Adding in plugin type platforms for module: Qt6Gui
Adding in plugin type styles for module: Qt6Widgets
Adding in plugin type tls for module: Qt6Network
Skipping plugin qopensslbackend.dll. Use -force-openssl or specify -openssl-root if you want to use it.
Performing additional pass of finding Qt plugins due to updated Qt module list: Qt6Core Qt6Gui Qt6Network Qt6Widgets
Adding in plugin type generic for module: Qt6Gui
Adding in plugin type imageformats for module: Qt6Gui
Adding in plugin type networkinformation for module: Qt6Network
Adding in plugin type platforms for module: Qt6Gui
Adding in plugin type styles for module: Qt6Widgets
Adding in plugin type tls for module: Qt6Network
Skipping plugin qopensslbackend.dll. Use -force-openssl or specify -openssl-root if you want to use it.
Direct dependencies: Qt6Core Qt6Gui Qt6Widgets
All dependencies   : Qt6Core Qt6Gui Qt6Widgets
To be deployed     : Qt6Core Qt6Gui Qt6Network Qt6Widgets
Warning: Cannot find any version of the dxcompiler.dll and dxil.dll. This is not a problem unless Direct3D 12 and certain features are used by the application.
Qt6Core.dll is up to date.
Qt6Gui.dll is up to date.
Qt6Network.dll is up to date.
Qt6Widgets.dll is up to date.
Skipping system library C:/WINDOWS/system32/D3Dcompiler_47.dll
qtuiotouchplugin.dll is up to date.
qgif.dll is up to date.
qico.dll is up to date.
qjpeg.dll is up to date.
qglib.dll is up to date.
qnetworklistmanager.dll is up to date.
qwindows.dll is up to date.
qmodernwindowsstyle.dll is up to date.
qcertonlybackend.dll is up to date.
qschannelbackend.dll is up to date.

