PASS dedicated Foundation source directory exists and is nonempty
PASS source readable
PASS no peer include, type, construction, or service call
PASS no peer include, type, construction, or service call
PASS no peer include, type, construction, or service call
PASS no peer include, type, construction, or service call
PASS no orchestration include
PASS no hidden concrete coordinator
PASS no peer source import
PASS no peer source import
PASS no peer source import
PASS source readable
PASS no peer include, type, construction, or service call
PASS no peer include, type, construction, or service call
PASS no peer include, type, construction, or service call
PASS no peer include, type, construction, or service call
PASS no orchestration include
PASS no hidden concrete coordinator
PASS no peer source import
PASS no peer source import
PASS no peer source import
PASS source readable
PASS no peer include, type, construction, or service call
PASS no peer include, type, construction, or service call
PASS no peer include, type, construction, or service call
PASS no peer include, type, construction, or service call
PASS no orchestration include
PASS no hidden concrete coordinator
PASS no peer source import
PASS no peer source import
PASS no peer source import
PASS source readable
PASS no peer include, type, construction, or service call
PASS no peer include, type, construction, or service call
PASS no peer include, type, construction, or service call
PASS no peer include, type, construction, or service call
PASS no orchestration include
PASS no hidden concrete coordinator
PASS no peer source import
PASS no peer source import
PASS no peer source import
PASS F4 independently enforces governance prerequisites
PASS F4 start
PASS F4 rejects completion without certification
PASS F4 certify transition
PASS F4 complete transition
PASS F4 persisted reload
PASS F4 rejects invalid certification
PASS F4 independent contract
Fixture preserved: C:/Users/morga/AppData/Local/Temp/aramf_f4_independence-bvJlCm
